// Jest Snapshot v1, https://goo.gl/fbAQLP

exports[`ThemeMenu renders unchanged 1`] = `
<div
  className="text-right"
>
  <div
    className="relative inline-block text-left"
  >
    <div>
      <button
        aria-expanded={false}
        aria-haspopup={true}
        className="inline-flex w-full justify-center rounded-md bg-white px-4 py-2 text-sm font-medium shadow-md dark:bg-gray-700"
        id="headlessui-menu-button-:r0:"
        onClick={[Function]}
        onKeyDown={[Function]}
        onKeyUp={[Function]}
        type="button"
      >
        Theme
        <svg
          aria-hidden="true"
          className="ml-2 -mr-1 h-5 w-5"
          fill="currentColor"
          viewBox="0 0 20 20"
          xmlns="http://www.w3.org/2000/svg"
        >
          <path
            clipRule="evenodd"
            d="M5.293 7.293a1 1 0 011.414 0L10 10.586l3.293-3.293a1 1 0 111.414 1.414l-4 4a1 1 0 01-1.414 0l-4-4a1 1 0 010-1.414z"
            fillRule="evenodd"
          />
        </svg>
      </button>
    </div>
  </div>
</div>
`;
